// Jest Snapshot v1, https://goo.gl/fbAQLP

exports[`App should initialize 1`] = `
<DocumentFragment>
  <div>
    CustomAlert
  </div>
  <div>
    CustomLoader
  </div>
  <div>
    StartPage
  </div>
</DocumentFragment>
`;
